jjjj
ddddddd
